Projeto Brasil API is starting on port 4242
pulled in 32 rows 
[ { _xml: '<entry><id>https://spreadsheets.google.com/feeds/list/1DKTFmVjyRZU8sNPrGD1kRB2uSjfJNqv9YHw2COmQJys/1/public/values/cokwr</id><updated>2014-07-03T21:23:15.982Z</updated><category scheme=\'http://schemas.google.com/spreadsheets/2006\' term=\'http://schemas.google.com/spreadsheets/2006#list\'/><title type=\'text\'>1</title><content type=\'text\'>sigla: PMDB, nome: PARTIDO DO MOVIMENTO DEMOCRÁTICO BRASILEIRO, deferimento: 30.6.1981, presidente: VALDIR RAUPP, em exercício, numero: 15, imagem: /imag1</content><link rel=\'self\' type=\'application/atom+xml\' href=\'https://spreadsheets.google.com/feeds/list/1DKTFmVjyRZU8sNPrGD1kRB2uSjfJNqv9YHw2COmQJys/1/public/values/cokwr\'/><gsx:codigo>1</gsx:codigo><gsx:sigla>PMDB</gsx:sigla><gsx:nome>PARTIDO DO MOVIMENTO DEMOCRÁTICO BRASILEIRO</gsx:nome><gsx:deferimento>30.6.1981</gsx:deferimento><gsx:presidente>VALDIR RAUPP, em exercício</gsx:presidente><gsx:numero>15</gsx:numero><gsx:imagem>/imag1</gsx:imagem></entry>',
    id: 'https://spreadsheets.google.com/feeds/list/1DKTFmVjyRZU8sNPrGD1kRB2uSjfJNqv9YHw2COmQJys/1/public/values/cokwr',
    title: '1',
    content: 'sigla: PMDB, nome: PARTIDO DO MOVIMENTO DEMOCRÁTICO BRASILEIRO, deferimento: 30.6.1981, presidente: VALDIR RAUPP, em exercício, numero: 15, imagem: /imag1',
    _links: [ self: 'https://spreadsheets.google.com/feeds/list/1DKTFmVjyRZU8sNPrGD1kRB2uSjfJNqv9YHw2COmQJys/1/public/values/cokwr' ],
    codigo: '1',
    sigla: 'PMDB',
    nome: 'PARTIDO DO MOVIMENTO DEMOCRÁTICO BRASILEIRO',
    deferimento: '30.6.1981',
    presidente: 'VALDIR RAUPP, em exercício',
    numero: '15',
    imagem: '/imag1',
    save: [Function],
    del: [Function] },
  { _xml: '<entry><id>https://spreadsheets.google.com/feeds/list/1DKTFmVjyRZU8sNPrGD1kRB2uSjfJNqv9YHw2COmQJys/1/public/values/cpzh4</id><updated>2014-07-03T21:23:15.982Z</updated><category scheme=\'http://schemas.google.com/spreadsheets/2006\' term=\'http://schemas.google.com/spreadsheets/2006#list\'/><title type=\'text\'>2</title><content type=\'text\'>sigla: PTB, nome: PARTIDO TRABALHISTA BRASILEIRO, deferimento: 3.11.1981, presidente: BENITO GAMA, em exercício., numero: 14, imagem: /imag2</content><link rel=\'self\' type=\'application/atom+xml\' href=\'https://spreadsheets.google.com/feeds/list/1DKTFmVjyRZU8sNPrGD1kRB2uSjfJNqv9YHw2COmQJys/1/public/values/cpzh4\'/><gsx:codigo>2</gsx:codigo><gsx:sigla>PTB</gsx:sigla><gsx:nome>PARTIDO TRABALHISTA BRASILEIRO</gsx:nome><gsx:deferimento>3.11.1981</gsx:deferimento><gsx:presidente>BENITO GAMA, em exercício.</gsx:presidente><gsx:numero>14</gsx:numero><gsx:imagem>/imag2</gsx:imagem></entry>',
    id: 'https://spreadsheets.google.com/feeds/list/1DKTFmVjyRZU8sNPrGD1kRB2uSjfJNqv9YHw2COmQJys/1/public/values/cpzh4',
    title: '2',
    content: 'sigla: PTB, nome: PARTIDO TRABALHISTA BRASILEIRO, deferimento: 3.11.1981, presidente: BENITO GAMA, em exercício., numero: 14, imagem: /imag2',
    _links: [ self: 'https://spreadsheets.google.com/feeds/list/1DKTFmVjyRZU8sNPrGD1kRB2uSjfJNqv9YHw2COmQJys/1/public/values/cpzh4' ],
    codigo: '2',
    sigla: 'PTB',
    nome: 'PARTIDO TRABALHISTA BRASILEIRO',
    deferimento: '3.11.1981',
    presidente: 'BENITO GAMA, em exercício.',
    numero: '14',
    imagem: '/imag2',
    save: [Function],
    del: [Function] },
  { _xml: '<entry><id>https://spreadsheets.google.com/feeds/list/1DKTFmVjyRZU8sNPrGD1kRB2uSjfJNqv9YHw2COmQJys/1/public/values/cre1l</id><updated>2014-07-03T21:23:15.982Z</updated><category scheme=\'http://schemas.google.com/spreadsheets/2006\' term=\'http://schemas.google.com/spreadsheets/2006#list\'/><title type=\'text\'>3</title><content type=\'text\'>sigla: PDT, nome: PARTIDO DEMOCRÁTICO TRABALHISTA, deferimento: 10.11.1981, presidente: CARLOS LUPI, numero: 12, imagem: /imag3</content><link rel=\'self\' type=\'application/atom+xml\' href=\'https://spreadsheets.google.com/feeds/list/1DKTFmVjyRZU8sNPrGD1kRB2uSjfJNqv9YHw2COmQJys/1/public/values/cre1l\'/><gsx:codigo>3</gsx:codigo><gsx:sigla>PDT</gsx:sigla><gsx:nome>PARTIDO DEMOCRÁTICO TRABALHISTA</gsx:nome><gsx:deferimento>10.11.1981</gsx:deferimento><gsx:presidente>CARLOS LUPI</gsx:presidente><gsx:numero>12</gsx:numero><gsx:imagem>/imag3</gsx:imagem></entry>',
    id: 'https://spreadsheets.google.com/feeds/list/1DKTFmVjyRZU8sNPrGD1kRB2uSjfJNqv9YHw2COmQJys/1/public/values/cre1l',
    title: '3',
    content: 'sigla: PDT, nome: PARTIDO DEMOCRÁTICO TRABALHISTA, deferimento: 10.11.1981, presidente: CARLOS LUPI, numero: 12, imagem: /imag3',
    _links: [ self: 'https://spreadsheets.google.com/feeds/list/1DKTFmVjyRZU8sNPrGD1kRB2uSjfJNqv9YHw2COmQJys/1/public/values/cre1l' ],
    codigo: '3',
    sigla: 'PDT',
    nome: 'PARTIDO DEMOCRÁTICO TRABALHISTA',
    deferimento: '10.11.1981',
    presidente: 'CARLOS LUPI',
    numero: '12',
    imagem: '/imag3',
    save: [Function],
    del: [Function] },
  { _xml: '<entry><id>https://spreadsheets.google.com/feeds/list/1DKTFmVjyRZU8sNPrGD1kRB2uSjfJNqv9YHw2COmQJys/1/public/values/chk2m</id><updated>2014-07-03T21:23:15.982Z</updated><category scheme=\'http://schemas.google.com/spreadsheets/2006\' term=\'http://schemas.google.com/spreadsheets/2006#list\'/><title type=\'text\'>4</title><content type=\'text\'>sigla: PT, nome: PARTIDO DOS TRABALHADORES, deferimento: 11.2.1982, presidente: RUI GOETHE DA COSTA FALCAO, numero: 13, imagem: /imag4</content><link rel=\'self\' type=\'application/atom+xml\' href=\'https://spreadsheets.google.com/feeds/list/1DKTFmVjyRZU8sNPrGD1kRB2uSjfJNqv9YHw2COmQJys/1/public/values/chk2m\'/><gsx:codigo>4</gsx:codigo><gsx:sigla>PT</gsx:sigla><gsx:nome>PARTIDO DOS TRABALHADORES</gsx:nome><gsx:deferimento>11.2.1982</gsx:deferimento><gsx:presidente>RUI GOETHE DA COSTA FALCAO</gsx:presidente><gsx:numero>13</gsx:numero><gsx:imagem>/imag4</gsx:imagem></entry>',
    id: 'https://spreadsheets.google.com/feeds/list/1DKTFmVjyRZU8sNPrGD1kRB2uSjfJNqv9YHw2COmQJys/1/public/values/chk2m',
    title: '4',
    content: 'sigla: PT, nome: PARTIDO DOS TRABALHADORES, deferimento: 11.2.1982, presidente: RUI GOETHE DA COSTA FALCAO, numero: 13, imagem: /imag4',
    _links: [ self: 'https://spreadsheets.google.com/feeds/list/1DKTFmVjyRZU8sNPrGD1kRB2uSjfJNqv9YHw2COmQJys/1/public/values/chk2m' ],
    codigo: '4',
    sigla: 'PT',
    nome: 'PARTIDO DOS TRABALHADORES',
    deferimento: '11.2.1982',
    presidente: 'RUI GOETHE DA COSTA FALCAO',
    numero: '13',
    imagem: '/imag4',
    save: [Function],
    del: [Function] },
  { _xml: '<entry><id>https://spreadsheets.google.com/feeds/list/1DKTFmVjyRZU8sNPrGD1kRB2uSjfJNqv9YHw2COmQJys/1/public/values/ciyn3</id><updated>2014-07-03T21:23:15.982Z</updated><category scheme=\'http://schemas.google.com/spreadsheets/2006\' term=\'http://schemas.google.com/spreadsheets/2006#list\'/><title type=\'text\'>5</title><content type=\'text\'>sigla: DEM, nome: DEMOCRATAS, deferimento: 11.9.1986, presidente: JOSÉ AGRIPINO MAIA, numero: 25, imagem: /imag5</content><link rel=\'self\' type=\'application/atom+xml\' href=\'https://spreadsheets.google.com/feeds/list/1DKTFmVjyRZU8sNPrGD1kRB2uSjfJNqv9YHw2COmQJys/1/public/values/ciyn3\'/><gsx:codigo>5</gsx:codigo><gsx:sigla>DEM</gsx:sigla><gsx:nome>DEMOCRATAS</gsx:nome><gsx:deferimento>11.9.1986</gsx:deferimento><gsx:presidente>JOSÉ AGRIPINO MAIA</gsx:presidente><gsx:numero>25</gsx:numero><gsx:imagem>/imag5</gsx:imagem></entry>',
    id: 'https://spreadsheets.google.com/feeds/list/1DKTFmVjyRZU8sNPrGD1kRB2uSjfJNqv9YHw2COmQJys/1/public/values/ciyn3',
    title: '5',
    content: 'sigla: DEM, nome: DEMOCRATAS, deferimento: 11.9.1986, presidente: JOSÉ AGRIPINO MAIA, numero: 25, imagem: /imag5',
    _links: [ self: 'https://spreadsheets.google.com/feeds/list/1DKTFmVjyRZU8sNPrGD1kRB2uSjfJNqv9YHw2COmQJys/1/public/values/ciyn3' ],
    codigo: '5',
    sigla: 'DEM',
    nome: 'DEMOCRATAS',
    deferimento: '11.9.1986',
    presidente: 'JOSÉ AGRIPINO MAIA',
    numero: '25',
    imagem: '/imag5',
    save: [Function],
    del: [Function] },
  { _xml: '<entry><id>https://spreadsheets.google.com/feeds/list/1DKTFmVjyRZU8sNPrGD1kRB2uSjfJNqv9YHw2COmQJys/1/public/values/ckd7g</id><updated>2014-07-03T21:23:15.982Z</updated><category scheme=\'http://schemas.google.com/spreadsheets/2006\' term=\'http://schemas.google.com/spreadsheets/2006#list\'/><title type=\'text\'>6</title><content type=\'text\'>sigla: PCdoB, nome: PARTIDO COMUNISTA DO BRASIL, deferimento: 23.6.1988, presidente: JOSÉ RENATO RABELO, numero: 65, imagem: /imag6</content><link rel=\'self\' type=\'application/atom+xml\' href=\'https://spreadsheets.google.com/feeds/list/1DKTFmVjyRZU8sNPrGD1kRB2uSjfJNqv9YHw2COmQJys/1/public/values/ckd7g\'/><gsx:codigo>6</gsx:codigo><gsx:sigla>PCdoB</gsx:sigla><gsx:nome>PARTIDO COMUNISTA DO BRASIL</gsx:nome><gsx:deferimento>23.6.1988</gsx:deferimento><gsx:presidente>JOSÉ RENATO RABELO</gsx:presidente><gsx:numero>65</gsx:numero><gsx:imagem>/imag6</gsx:imagem></entry>',
    id: 'https://spreadsheets.google.com/feeds/list/1DKTFmVjyRZU8sNPrGD1kRB2uSjfJNqv9YHw2COmQJys/1/public/values/ckd7g',
    title: '6',
    content: 'sigla: PCdoB, nome: PARTIDO COMUNISTA DO BRASIL, deferimento: 23.6.1988, presidente: JOSÉ RENATO RABELO, numero: 65, imagem: /imag6',
    _links: [ self: 'https://spreadsheets.google.com/feeds/list/1DKTFmVjyRZU8sNPrGD1kRB2uSjfJNqv9YHw2COmQJys/1/public/values/ckd7g' ],
    codigo: '6',
    sigla: 'PCdoB',
    nome: 'PARTIDO COMUNISTA DO BRASIL',
    deferimento: '23.6.1988',
    presidente: 'JOSÉ RENATO RABELO',
    numero: '65',
    imagem: '/imag6',
    save: [Function],
    del: [Function] },
  { _xml: '<entry><id>https://spreadsheets.google.com/feeds/list/1DKTFmVjyRZU8sNPrGD1kRB2uSjfJNqv9YHw2COmQJys/1/public/values/clrrx</id><updated>2014-07-03T21:23:15.982Z</updated><category scheme=\'http://schemas.google.com/spreadsheets/2006\' term=\'http://schemas.google.com/spreadsheets/2006#list\'/><title type=\'text\'>7</title><content type=\'text\'>sigla: PSB, nome: PARTIDO SOCIALISTA BRASILEIRO, deferimento: 1°.7.1988, presidente: EDUARDO CAMPOS, numero: 40, imagem: /imag7</content><link rel=\'self\' type=\'application/atom+xml\' href=\'https://spreadsheets.google.com/feeds/list/1DKTFmVjyRZU8sNPrGD1kRB2uSjfJNqv9YHw2COmQJys/1/public/values/clrrx\'/><gsx:codigo>7</gsx:codigo><gsx:sigla>PSB</gsx:sigla><gsx:nome>PARTIDO SOCIALISTA BRASILEIRO</gsx:nome><gsx:deferimento>1°.7.1988</gsx:deferimento><gsx:presidente>EDUARDO CAMPOS</gsx:presidente><gsx:numero>40</gsx:numero><gsx:imagem>/imag7</gsx:imagem></entry>',
    id: 'https://spreadsheets.google.com/feeds/list/1DKTFmVjyRZU8sNPrGD1kRB2uSjfJNqv9YHw2COmQJys/1/public/values/clrrx',
    title: '7',
    content: 'sigla: PSB, nome: PARTIDO SOCIALISTA BRASILEIRO, deferimento: 1°.7.1988, presidente: EDUARDO CAMPOS, numero: 40, imagem: /imag7',
    _links: [ self: 'https://spreadsheets.google.com/feeds/list/1DKTFmVjyRZU8sNPrGD1kRB2uSjfJNqv9YHw2COmQJys/1/public/values/clrrx' ],
    codigo: '7',
    sigla: 'PSB',
    nome: 'PARTIDO SOCIALISTA BRASILEIRO',
    deferimento: '1°.7.1988',
    presidente: 'EDUARDO CAMPOS',
    numero: '40',
    imagem: '/imag7',
    save: [Function],
    del: [Function] },
  { _xml: '<entry><id>https://spreadsheets.google.com/feeds/list/1DKTFmVjyRZU8sNPrGD1kRB2uSjfJNqv9YHw2COmQJys/1/public/values/cyevm</id><updated>2014-07-03T21:23:15.982Z</updated><category scheme=\'http://schemas.google.com/spreadsheets/2006\' term=\'http://schemas.google.com/spreadsheets/2006#list\'/><title type=\'text\'>8</title><content type=\'text\'>sigla: PSDB, nome: PARTIDO DA SOCIAL DEMOCRACIA BRASILEIRA, deferimento: 24.8.1989, presidente: AÉCIO NEVES DA CUNHA, numero: 45, imagem: /imag8</content><link rel=\'self\' type=\'application/atom+xml\' href=\'https://spreadsheets.google.com/feeds/list/1DKTFmVjyRZU8sNPrGD1kRB2uSjfJNqv9YHw2COmQJys/1/public/values/cyevm\'/><gsx:codigo>8</gsx:codigo><gsx:sigla>PSDB</gsx:sigla><gsx:nome>PARTIDO DA SOCIAL DEMOCRACIA BRASILEIRA</gsx:nome><gsx:deferimento>24.8.1989</gsx:deferimento><gsx:presidente>AÉCIO NEVES DA CUNHA</gsx:presidente><gsx:numero>45</gsx:numero><gsx:imagem>/imag8</gsx:imagem></entry>',
    id: 'https://spreadsheets.google.com/feeds/list/1DKTFmVjyRZU8sNPrGD1kRB2uSjfJNqv9YHw2COmQJys/1/public/values/cyevm',
    title: '8',
    content: 'sigla: PSDB, nome: PARTIDO DA SOCIAL DEMOCRACIA BRASILEIRA, deferimento: 24.8.1989, presidente: AÉCIO NEVES DA CUNHA, numero: 45, imagem: /imag8',
    _links: [ self: 'https://spreadsheets.google.com/feeds/list/1DKTFmVjyRZU8sNPrGD1kRB2uSjfJNqv9YHw2COmQJys/1/public/values/cyevm' ],
    codigo: '8',
    sigla: 'PSDB',
    nome: 'PARTIDO DA SOCIAL DEMOCRACIA BRASILEIRA',
    deferimento: '24.8.1989',
    presidente: 'AÉCIO NEVES DA CUNHA',
    numero: '45',
    imagem: '/imag8',
    save: [Function],
    del: [Function] },
  { _xml: '<entry><id>https://spreadsheets.google.com/feeds/list/1DKTFmVjyRZU8sNPrGD1kRB2uSjfJNqv9YHw2COmQJys/1/public/values/cztg3</id><updated>2014-07-03T21:23:15.982Z</updated><category scheme=\'http://schemas.google.com/spreadsheets/2006\' term=\'http://schemas.google.com/spreadsheets/2006#list\'/><title type=\'text\'>9</title><content type=\'text\'>sigla: PTC, nome: PARTIDO TRABALHISTA CRISTÃO, deferimento: 22.2.1990, presidente: DANIEL S. TOURINHO, numero: 36, imagem: /imag9</content><link rel=\'self\' type=\'application/atom+xml\' href=\'https://spreadsheets.google.com/feeds/list/1DKTFmVjyRZU8sNPrGD1kRB2uSjfJNqv9YHw2COmQJys/1/public/values/cztg3\'/><gsx:codigo>9</gsx:codigo><gsx:sigla>PTC</gsx:sigla><gsx:nome>PARTIDO TRABALHISTA CRISTÃO</gsx:nome><gsx:deferimento>22.2.1990</gsx:deferimento><gsx:presidente>DANIEL S. TOURINHO</gsx:presidente><gsx:numero>36</gsx:numero><gsx:imagem>/imag9</gsx:imagem></entry>',
    id: 'https://spreadsheets.google.com/feeds/list/1DKTFmVjyRZU8sNPrGD1kRB2uSjfJNqv9YHw2COmQJys/1/public/values/cztg3',
    title: '9',
    content: 'sigla: PTC, nome: PARTIDO TRABALHISTA CRISTÃO, deferimento: 22.2.1990, presidente: DANIEL S. TOURINHO, numero: 36, imagem: /imag9',
    _links: [ self: 'https://spreadsheets.google.com/feeds/list/1DKTFmVjyRZU8sNPrGD1kRB2uSjfJNqv9YHw2COmQJys/1/public/values/cztg3' ],
    codigo: '9',
    sigla: 'PTC',
    nome: 'PARTIDO TRABALHISTA CRISTÃO',
    deferimento: '22.2.1990',
    presidente: 'DANIEL S. TOURINHO',
    numero: '36',
    imagem: '/imag9',
    save: [Function],
    del: [Function] },
  { _xml: '<entry><id>https://spreadsheets.google.com/feeds/list/1DKTFmVjyRZU8sNPrGD1kRB2uSjfJNqv9YHw2COmQJys/1/public/values/d180g</id><updated>2014-07-03T21:23:15.982Z</updated><category scheme=\'http://schemas.google.com/spreadsheets/2006\' term=\'http://schemas.google.com/spreadsheets/2006#list\'/><title type=\'text\'>10</title><content type=\'text\'>sigla: PSC, nome: PARTIDO SOCIAL CRISTÃO, deferimento: 29.3.1990, presidente: VÍCTOR JORGE ABDALA NÓSSEIS, numero: 20, imagem: /imag10</content><link rel=\'self\' type=\'application/atom+xml\' href=\'https://spreadsheets.google.com/feeds/list/1DKTFmVjyRZU8sNPrGD1kRB2uSjfJNqv9YHw2COmQJys/1/public/values/d180g\'/><gsx:codigo>10</gsx:codigo><gsx:sigla>PSC</gsx:sigla><gsx:nome>PARTIDO SOCIAL CRISTÃO</gsx:nome><gsx:deferimento>29.3.1990</gsx:deferimento><gsx:presidente>VÍCTOR JORGE ABDALA NÓSSEIS</gsx:presidente><gsx:numero>20</gsx:numero><gsx:imagem>/imag10</gsx:imagem></entry>',
    id: 'https://spreadsheets.google.com/feeds/list/1DKTFmVjyRZU8sNPrGD1kRB2uSjfJNqv9YHw2COmQJys/1/public/values/d180g',
    title: '10',
    content: 'sigla: PSC, nome: PARTIDO SOCIAL CRISTÃO, deferimento: 29.3.1990, presidente: VÍCTOR JORGE ABDALA NÓSSEIS, numero: 20, imagem: /imag10',
    _links: [ self: 'https://spreadsheets.google.com/feeds/list/1DKTFmVjyRZU8sNPrGD1kRB2uSjfJNqv9YHw2COmQJys/1/public/values/d180g' ],
    codigo: '10',
    sigla: 'PSC',
    nome: 'PARTIDO SOCIAL CRISTÃO',
    deferimento: '29.3.1990',
    presidente: 'VÍCTOR JORGE ABDALA NÓSSEIS',
    numero: '20',
    imagem: '/imag10',
    save: [Function],
    del: [Function] },
  { _xml: '<entry><id>https://spreadsheets.google.com/feeds/list/1DKTFmVjyRZU8sNPrGD1kRB2uSjfJNqv9YHw2COmQJys/1/public/values/d2mkx</id><updated>2014-07-03T21:23:15.982Z</updated><category scheme=\'http://schemas.google.com/spreadsheets/2006\' term=\'http://schemas.google.com/spreadsheets/2006#list\'/><title type=\'text\'>11</title><content type=\'text\'>sigla: PMN, nome: PARTIDO DA MOBILIZAÇÃO NACIONAL, deferimento: 25.10.1990, presidente: TELMA RIBEIRO DOS SANTOS, numero: 33, imagem: /imag11</content><link rel=\'self\' type=\'application/atom+xml\' href=\'https://spreadsheets.google.com/feeds/list/1DKTFmVjyRZU8sNPrGD1kRB2uSjfJNqv9YHw2COmQJys/1/public/values/d2mkx\'/><gsx:codigo>11</gsx:codigo><gsx:sigla>PMN</gsx:sigla><gsx:nome>PARTIDO DA MOBILIZAÇÃO NACIONAL</gsx:nome><gsx:deferimento>25.10.1990</gsx:deferimento><gsx:presidente>TELMA RIBEIRO DOS SANTOS</gsx:presidente><gsx:numero>33</gsx:numero><gsx:imagem>/imag11</gsx:imagem></entry>',
    id: 'https://spreadsheets.google.com/feeds/list/1DKTFmVjyRZU8sNPrGD1kRB2uSjfJNqv9YHw2COmQJys/1/public/values/d2mkx',
    title: '11',
    content: 'sigla: PMN, nome: PARTIDO DA MOBILIZAÇÃO NACIONAL, deferimento: 25.10.1990, presidente: TELMA RIBEIRO DOS SANTOS, numero: 33, imagem: /imag11',
    _links: [ self: 'https://spreadsheets.google.com/feeds/list/1DKTFmVjyRZU8sNPrGD1kRB2uSjfJNqv9YHw2COmQJys/1/public/values/d2mkx' ],
    codigo: '11',
    sigla: 'PMN',
    nome: 'PARTIDO DA MOBILIZAÇÃO NACIONAL',
    deferimento: '25.10.1990',
    presidente: 'TELMA RIBEIRO DOS SANTOS',
    numero: '33',
    imagem: '/imag11',
    save: [Function],
    del: [Function] },
  { _xml: '<entry><id>https://spreadsheets.google.com/feeds/list/1DKTFmVjyRZU8sNPrGD1kRB2uSjfJNqv9YHw2COmQJys/1/public/values/cssly</id><updated>2014-07-03T21:23:15.982Z</updated><category scheme=\'http://schemas.google.com/spreadsheets/2006\' term=\'http://schemas.google.com/spreadsheets/2006#list\'/><title type=\'text\'>12</title><content type=\'text\'>sigla: PRP, nome: PARTIDO REPUBLICANO PROGRESSISTA, deferimento: 29.10.1991, presidente: OVASCO ROMA ALTIMARI RESENDE, numero: 44, imagem: /imag12</content><link rel=\'self\' type=\'application/atom+xml\' href=\'https://spreadsheets.google.com/feeds/list/1DKTFmVjyRZU8sNPrGD1kRB2uSjfJNqv9YHw2COmQJys/1/public/values/cssly\'/><gsx:codigo>12</gsx:codigo><gsx:sigla>PRP</gsx:sigla><gsx:nome>PARTIDO REPUBLICANO PROGRESSISTA</gsx:nome><gsx:deferimento>29.10.1991</gsx:deferimento><gsx:presidente>OVASCO ROMA ALTIMARI RESENDE</gsx:presidente><gsx:numero>44</gsx:numero><gsx:imagem>/imag12</gsx:imagem></entry>',
    id: 'https://spreadsheets.google.com/feeds/list/1DKTFmVjyRZU8sNPrGD1kRB2uSjfJNqv9YHw2COmQJys/1/public/values/cssly',
    title: '12',
    content: 'sigla: PRP, nome: PARTIDO REPUBLICANO PROGRESSISTA, deferimento: 29.10.1991, presidente: OVASCO ROMA ALTIMARI RESENDE, numero: 44, imagem: /imag12',
    _links: [ self: 'https://spreadsheets.google.com/feeds/list/1DKTFmVjyRZU8sNPrGD1kRB2uSjfJNqv9YHw2COmQJys/1/public/values/cssly' ],
    codigo: '12',
    sigla: 'PRP',
    nome: 'PARTIDO REPUBLICANO PROGRESSISTA',
    deferimento: '29.10.1991',
    presidente: 'OVASCO ROMA ALTIMARI RESENDE',
    numero: '44',
    imagem: '/imag12',
    save: [Function],
    del: [Function] },
  { _xml: '<entry><id>https://spreadsheets.google.com/feeds/list/1DKTFmVjyRZU8sNPrGD1kRB2uSjfJNqv9YHw2COmQJys/1/public/values/cu76f</id><updated>2014-07-03T21:23:15.982Z</updated><category scheme=\'http://schemas.google.com/spreadsheets/2006\' term=\'http://schemas.google.com/spreadsheets/2006#list\'/><title type=\'text\'>13</title><content type=\'text\'>sigla: PPS, nome: PARTIDO POPULAR SOCIALISTA, deferimento: 19.3.1992, presidente: ROBERTO FREIRE, numero: 23, imagem: /imag13</content><link rel=\'self\' type=\'application/atom+xml\' href=\'https://spreadsheets.google.com/feeds/list/1DKTFmVjyRZU8sNPrGD1kRB2uSjfJNqv9YHw2COmQJys/1/public/values/cu76f\'/><gsx:codigo>13</gsx:codigo><gsx:sigla>PPS</gsx:sigla><gsx:nome>PARTIDO POPULAR SOCIALISTA</gsx:nome><gsx:deferimento>19.3.1992</gsx:deferimento><gsx:presidente>ROBERTO FREIRE</gsx:presidente><gsx:numero>23</gsx:numero><gsx:imagem>/imag13</gsx:imagem></entry>',
    id: 'https://spreadsheets.google.com/feeds/list/1DKTFmVjyRZU8sNPrGD1kRB2uSjfJNqv9YHw2COmQJys/1/public/values/cu76f',
    title: '13',
    content: 'sigla: PPS, nome: PARTIDO POPULAR SOCIALISTA, deferimento: 19.3.1992, presidente: ROBERTO FREIRE, numero: 23, imagem: /imag13',
    _links: [ self: 'https://spreadsheets.google.com/feeds/list/1DKTFmVjyRZU8sNPrGD1kRB2uSjfJNqv9YHw2COmQJys/1/public/values/cu76f' ],
    codigo: '13',
    sigla: 'PPS',
    nome: 'PARTIDO POPULAR SOCIALISTA',
    deferimento: '19.3.1992',
    presidente: 'ROBERTO FREIRE',
    numero: '23',
    imagem: '/imag13',
    save: [Function],
    del: [Function] },
  { _xml: '<entry><id>https://spreadsheets.google.com/feeds/list/1DKTFmVjyRZU8sNPrGD1kRB2uSjfJNqv9YHw2COmQJys/1/public/values/cvlqs</id><updated>2014-07-03T21:23:15.982Z</updated><category scheme=\'http://schemas.google.com/spreadsheets/2006\' term=\'http://schemas.google.com/spreadsheets/2006#list\'/><title type=\'text\'>14</title><content type=\'text\'>sigla: PV, nome: PARTIDO VERDE, deferimento: 30.9.1993, presidente: JOSÉ LUIZ DE FRANÇA PENNA, numero: 43, imagem: /imag14</content><link rel=\'self\' type=\'application/atom+xml\' href=\'https://spreadsheets.google.com/feeds/list/1DKTFmVjyRZU8sNPrGD1kRB2uSjfJNqv9YHw2COmQJys/1/public/values/cvlqs\'/><gsx:codigo>14</gsx:codigo><gsx:sigla>PV</gsx:sigla><gsx:nome>PARTIDO VERDE</gsx:nome><gsx:deferimento>30.9.1993</gsx:deferimento><gsx:presidente>JOSÉ LUIZ DE FRANÇA PENNA</gsx:presidente><gsx:numero>43</gsx:numero><gsx:imagem>/imag14</gsx:imagem></entry>',
    id: 'https://spreadsheets.google.com/feeds/list/1DKTFmVjyRZU8sNPrGD1kRB2uSjfJNqv9YHw2COmQJys/1/public/values/cvlqs',
    title: '14',
    content: 'sigla: PV, nome: PARTIDO VERDE, deferimento: 30.9.1993, presidente: JOSÉ LUIZ DE FRANÇA PENNA, numero: 43, imagem: /imag14',
    _links: [ self: 'https://spreadsheets.google.com/feeds/list/1DKTFmVjyRZU8sNPrGD1kRB2uSjfJNqv9YHw2COmQJys/1/public/values/cvlqs' ],
    codigo: '14',
    sigla: 'PV',
    nome: 'PARTIDO VERDE',
    deferimento: '30.9.1993',
    presidente: 'JOSÉ LUIZ DE FRANÇA PENNA',
    numero: '43',
    imagem: '/imag14',
    save: [Function],
    del: [Function] },
  { _xml: '<entry><id>https://spreadsheets.google.com/feeds/list/1DKTFmVjyRZU8sNPrGD1kRB2uSjfJNqv9YHw2COmQJys/1/public/values/cx0b9</id><updated>2014-07-03T21:23:15.982Z</updated><category scheme=\'http://schemas.google.com/spreadsheets/2006\' term=\'http://schemas.google.com/spreadsheets/2006#list\'/><title type=\'text\'>15</title><content type=\'text\'>sigla: PTdoB, nome: PARTIDO TRABALHISTA DO BRASIL, deferimento: 11.10.1994, presidente: LUIS HENRIQUE DE OLIVEIRA RESENDE, numero: 70, imagem: /imag15</content><link rel=\'self\' type=\'application/atom+xml\' href=\'https://spreadsheets.google.com/feeds/list/1DKTFmVjyRZU8sNPrGD1kRB2uSjfJNqv9YHw2COmQJys/1/public/values/cx0b9\'/><gsx:codigo>15</gsx:codigo><gsx:sigla>PTdoB</gsx:sigla><gsx:nome>PARTIDO TRABALHISTA DO BRASIL</gsx:nome><gsx:deferimento>11.10.1994</gsx:deferimento><gsx:presidente>LUIS HENRIQUE DE OLIVEIRA RESENDE</gsx:presidente><gsx:numero>70</gsx:numero><gsx:imagem>/imag15</gsx:imagem></entry>',
    id: 'https://spreadsheets.google.com/feeds/list/1DKTFmVjyRZU8sNPrGD1kRB2uSjfJNqv9YHw2COmQJys/1/public/values/cx0b9',
    title: '15',
    content: 'sigla: PTdoB, nome: PARTIDO TRABALHISTA DO BRASIL, deferimento: 11.10.1994, presidente: LUIS HENRIQUE DE OLIVEIRA RESENDE, numero: 70, imagem: /imag15',
    _links: [ self: 'https://spreadsheets.google.com/feeds/list/1DKTFmVjyRZU8sNPrGD1kRB2uSjfJNqv9YHw2COmQJys/1/public/values/cx0b9' ],
    codigo: '15',
    sigla: 'PTdoB',
    nome: 'PARTIDO TRABALHISTA DO BRASIL',
    deferimento: '11.10.1994',
    presidente: 'LUIS HENRIQUE DE OLIVEIRA RESENDE',
    numero: '70',
    imagem: '/imag15',
    save: [Function],
    del: [Function] },
  { _xml: '<entry><id>https://spreadsheets.google.com/feeds/list/1DKTFmVjyRZU8sNPrGD1kRB2uSjfJNqv9YHw2COmQJys/1/public/values/d9ney</id><updated>2014-07-03T21:23:15.982Z</updated><category scheme=\'http://schemas.google.com/spreadsheets/2006\' term=\'http://schemas.google.com/spreadsheets/2006#list\'/><title type=\'text\'>16</title><content type=\'text\'>sigla: PP, nome: PARTIDO PROGRESSISTA, deferimento: 16.11.1995, presidente: CIRO NOGUEIRA LIMA FILHO, numero: 11, imagem: /imag16</content><link rel=\'self\' type=\'application/atom+xml\' href=\'https://spreadsheets.google.com/feeds/list/1DKTFmVjyRZU8sNPrGD1kRB2uSjfJNqv9YHw2COmQJys/1/public/values/d9ney\'/><gsx:codigo>16</gsx:codigo><gsx:sigla>PP</gsx:sigla><gsx:nome>PARTIDO PROGRESSISTA</gsx:nome><gsx:deferimento>16.11.1995</gsx:deferimento><gsx:presidente>CIRO NOGUEIRA LIMA FILHO</gsx:presidente><gsx:numero>11</gsx:numero><gsx:imagem>/imag16</gsx:imagem></entry>',
    id: 'https://spreadsheets.google.com/feeds/list/1DKTFmVjyRZU8sNPrGD1kRB2uSjfJNqv9YHw2COmQJys/1/public/values/d9ney',
    title: '16',
    content: 'sigla: PP, nome: PARTIDO PROGRESSISTA, deferimento: 16.11.1995, presidente: CIRO NOGUEIRA LIMA FILHO, numero: 11, imagem: /imag16',
    _links: [ self: 'https://spreadsheets.google.com/feeds/list/1DKTFmVjyRZU8sNPrGD1kRB2uSjfJNqv9YHw2COmQJys/1/public/values/d9ney' ],
    codigo: '16',
    sigla: 'PP',
    nome: 'PARTIDO PROGRESSISTA',
    deferimento: '16.11.1995',
    presidente: 'CIRO NOGUEIRA LIMA FILHO',
    numero: '11',
    imagem: '/imag16',
    save: [Function],
    del: [Function] },
  { _xml: '<entry><id>https://spreadsheets.google.com/feeds/list/1DKTFmVjyRZU8sNPrGD1kRB2uSjfJNqv9YHw2COmQJys/1/public/values/db1zf</id><updated>2014-07-03T21:23:15.982Z</updated><category scheme=\'http://schemas.google.com/spreadsheets/2006\' term=\'http://schemas.google.com/spreadsheets/2006#list\'/><title type=\'text\'>17</title><content type=\'text\'>sigla: PSTU, nome: PARTIDO SOCIALISTA DOS TRABALHADORES UNIFICADO, deferimento: 19.12.1995, presidente: JOSÉ MARIA DE ALMEIDA, numero: 16, imagem: /imag17</content><link rel=\'self\' type=\'application/atom+xml\' href=\'https://spreadsheets.google.com/feeds/list/1DKTFmVjyRZU8sNPrGD1kRB2uSjfJNqv9YHw2COmQJys/1/public/values/db1zf\'/><gsx:codigo>17</gsx:codigo><gsx:sigla>PSTU</gsx:sigla><gsx:nome>PARTIDO SOCIALISTA DOS TRABALHADORES UNIFICADO</gsx:nome><gsx:deferimento>19.12.1995</gsx:deferimento><gsx:presidente>JOSÉ MARIA DE ALMEIDA</gsx:presidente><gsx:numero>16</gsx:numero><gsx:imagem>/imag17</gsx:imagem></entry>',
    id: 'https://spreadsheets.google.com/feeds/list/1DKTFmVjyRZU8sNPrGD1kRB2uSjfJNqv9YHw2COmQJys/1/public/values/db1zf',
    title: '17',
    content: 'sigla: PSTU, nome: PARTIDO SOCIALISTA DOS TRABALHADORES UNIFICADO, deferimento: 19.12.1995, presidente: JOSÉ MARIA DE ALMEIDA, numero: 16, imagem: /imag17',
    _links: [ self: 'https://spreadsheets.google.com/feeds/list/1DKTFmVjyRZU8sNPrGD1kRB2uSjfJNqv9YHw2COmQJys/1/public/values/db1zf' ],
    codigo: '17',
    sigla: 'PSTU',
    nome: 'PARTIDO SOCIALISTA DOS TRABALHADORES UNIFICADO',
    deferimento: '19.12.1995',
    presidente: 'JOSÉ MARIA DE ALMEIDA',
    numero: '16',
    imagem: '/imag17',
    save: [Function],
    del: [Function] },
  { _xml: '<entry><id>https://spreadsheets.google.com/feeds/list/1DKTFmVjyRZU8sNPrGD1kRB2uSjfJNqv9YHw2COmQJys/1/public/values/dcgjs</id><updated>2014-07-03T21:23:15.982Z</updated><category scheme=\'http://schemas.google.com/spreadsheets/2006\' term=\'http://schemas.google.com/spreadsheets/2006#list\'/><title type=\'text\'>18</title><content type=\'text\'>sigla: PCB, nome: PARTIDO COMUNISTA BRASILEIRO, deferimento: 9.5.1996, presidente: IVAN MARTINS PINHEIRO*, numero: 21, imagem: /imag18</content><link rel=\'self\' type=\'application/atom+xml\' href=\'https://spreadsheets.google.com/feeds/list/1DKTFmVjyRZU8sNPrGD1kRB2uSjfJNqv9YHw2COmQJys/1/public/values/dcgjs\'/><gsx:codigo>18</gsx:codigo><gsx:sigla>PCB</gsx:sigla><gsx:nome>PARTIDO COMUNISTA BRASILEIRO</gsx:nome><gsx:deferimento>9.5.1996</gsx:deferimento><gsx:presidente>IVAN MARTINS PINHEIRO*</gsx:presidente><gsx:numero>21</gsx:numero><gsx:imagem>/imag18</gsx:imagem></entry>',
    id: 'https://spreadsheets.google.com/feeds/list/1DKTFmVjyRZU8sNPrGD1kRB2uSjfJNqv9YHw2COmQJys/1/public/values/dcgjs',
    title: '18',
    content: 'sigla: PCB, nome: PARTIDO COMUNISTA BRASILEIRO, deferimento: 9.5.1996, presidente: IVAN MARTINS PINHEIRO*, numero: 21, imagem: /imag18',
    _links: [ self: 'https://spreadsheets.google.com/feeds/list/1DKTFmVjyRZU8sNPrGD1kRB2uSjfJNqv9YHw2COmQJys/1/public/values/dcgjs' ],
    codigo: '18',
    sigla: 'PCB',
    nome: 'PARTIDO COMUNISTA BRASILEIRO',
    deferimento: '9.5.1996',
    presidente: 'IVAN MARTINS PINHEIRO*',
    numero: '21',
    imagem: '/imag18',
    save: [Function],
    del: [Function] },
  { _xml: '<entry><id>https://spreadsheets.google.com/feeds/list/1DKTFmVjyRZU8sNPrGD1kRB2uSjfJNqv9YHw2COmQJys/1/public/values/ddv49</id><updated>2014-07-03T21:23:15.982Z</updated><category scheme=\'http://schemas.google.com/spreadsheets/2006\' term=\'http://schemas.google.com/spreadsheets/2006#list\'/><title type=\'text\'>19</title><content type=\'text\'>sigla: PRTB, nome: PARTIDO RENOVADOR TRABALHISTA BRASILEIRO, deferimento: 18.2.1997, presidente: JOSÉ LEVY FIDELIX DA CRUZ, numero: 28, imagem: /imag19</content><link rel=\'self\' type=\'application/atom+xml\' href=\'https://spreadsheets.google.com/feeds/list/1DKTFmVjyRZU8sNPrGD1kRB2uSjfJNqv9YHw2COmQJys/1/public/values/ddv49\'/><gsx:codigo>19</gsx:codigo><gsx:sigla>PRTB</gsx:sigla><gsx:nome>PARTIDO RENOVADOR TRABALHISTA BRASILEIRO</gsx:nome><gsx:deferimento>18.2.1997</gsx:deferimento><gsx:presidente>JOSÉ LEVY FIDELIX DA CRUZ</gsx:presidente><gsx:numero>28</gsx:numero><gsx:imagem>/imag19</gsx:imagem></entry>',
    id: 'https://spreadsheets.google.com/feeds/list/1DKTFmVjyRZU8sNPrGD1kRB2uSjfJNqv9YHw2COmQJys/1/public/values/ddv49',
    title: '19',
    content: 'sigla: PRTB, nome: PARTIDO RENOVADOR TRABALHISTA BRASILEIRO, deferimento: 18.2.1997, presidente: JOSÉ LEVY FIDELIX DA CRUZ, numero: 28, imagem: /imag19',
    _links: [ self: 'https://spreadsheets.google.com/feeds/list/1DKTFmVjyRZU8sNPrGD1kRB2uSjfJNqv9YHw2COmQJys/1/public/values/ddv49' ],
    codigo: '19',
    sigla: 'PRTB',
    nome: 'PARTIDO RENOVADOR TRABALHISTA BRASILEIRO',
    deferimento: '18.2.1997',
    presidente: 'JOSÉ LEVY FIDELIX DA CRUZ',
    numero: '28',
    imagem: '/imag19',
    save: [Function],
    del: [Function] },
  { _xml: '<entry><id>https://spreadsheets.google.com/feeds/list/1DKTFmVjyRZU8sNPrGD1kRB2uSjfJNqv9YHw2COmQJys/1/public/values/d415a</id><updated>2014-07-03T21:23:15.982Z</updated><category scheme=\'http://schemas.google.com/spreadsheets/2006\' term=\'http://schemas.google.com/spreadsheets/2006#list\'/><title type=\'text\'>20</title><content type=\'text\'>sigla: PHS, nome: PARTIDO HUMANISTA DA SOLIDARIEDADE, deferimento: 20.3.1997, presidente: EDUARDO MACHADO E SILVA RODRIGUES, numero: 31, imagem: /imag20</content><link rel=\'self\' type=\'application/atom+xml\' href=\'https://spreadsheets.google.com/feeds/list/1DKTFmVjyRZU8sNPrGD1kRB2uSjfJNqv9YHw2COmQJys/1/public/values/d415a\'/><gsx:codigo>20</gsx:codigo><gsx:sigla>PHS</gsx:sigla><gsx:nome>PARTIDO HUMANISTA DA SOLIDARIEDADE</gsx:nome><gsx:deferimento>20.3.1997</gsx:deferimento><gsx:presidente>EDUARDO MACHADO E SILVA RODRIGUES</gsx:presidente><gsx:numero>31</gsx:numero><gsx:imagem>/imag20</gsx:imagem></entry>',
    id: 'https://spreadsheets.google.com/feeds/list/1DKTFmVjyRZU8sNPrGD1kRB2uSjfJNqv9YHw2COmQJys/1/public/values/d415a',
    title: '20',
    content: 'sigla: PHS, nome: PARTIDO HUMANISTA DA SOLIDARIEDADE, deferimento: 20.3.1997, presidente: EDUARDO MACHADO E SILVA RODRIGUES, numero: 31, imagem: /imag20',
    _links: [ self: 'https://spreadsheets.google.com/feeds/list/1DKTFmVjyRZU8sNPrGD1kRB2uSjfJNqv9YHw2COmQJys/1/public/values/d415a' ],
    codigo: '20',
    sigla: 'PHS',
    nome: 'PARTIDO HUMANISTA DA SOLIDARIEDADE',
    deferimento: '20.3.1997',
    presidente: 'EDUARDO MACHADO E SILVA RODRIGUES',
    numero: '31',
    imagem: '/imag20',
    save: [Function],
    del: [Function] },
  { _xml: '<entry><id>https://spreadsheets.google.com/feeds/list/1DKTFmVjyRZU8sNPrGD1kRB2uSjfJNqv9YHw2COmQJys/1/public/values/d5fpr</id><updated>2014-07-03T21:23:15.982Z</updated><category scheme=\'http://schemas.google.com/spreadsheets/2006\' term=\'http://schemas.google.com/spreadsheets/2006#list\'/><title type=\'text\'>21</title><content type=\'text\'>sigla: PSDC, nome: PARTIDO SOCIAL DEMOCRATA CRISTÃO, deferimento: 5.8.1997, presidente: JOSÉ MARIA EYMAEL, numero: 27, imagem: /imag21</content><link rel=\'self\' type=\'application/atom+xml\' href=\'https://spreadsheets.google.com/feeds/list/1DKTFmVjyRZU8sNPrGD1kRB2uSjfJNqv9YHw2COmQJys/1/public/values/d5fpr\'/><gsx:codigo>21</gsx:codigo><gsx:sigla>PSDC</gsx:sigla><gsx:nome>PARTIDO SOCIAL DEMOCRATA CRISTÃO</gsx:nome><gsx:deferimento>5.8.1997</gsx:deferimento><gsx:presidente>JOSÉ MARIA EYMAEL</gsx:presidente><gsx:numero>27</gsx:numero><gsx:imagem>/imag21</gsx:imagem></entry>',
    id: 'https://spreadsheets.google.com/feeds/list/1DKTFmVjyRZU8sNPrGD1kRB2uSjfJNqv9YHw2COmQJys/1/public/values/d5fpr',
    title: '21',
    content: 'sigla: PSDC, nome: PARTIDO SOCIAL DEMOCRATA CRISTÃO, deferimento: 5.8.1997, presidente: JOSÉ MARIA EYMAEL, numero: 27, imagem: /imag21',
    _links: [ self: 'https://spreadsheets.google.com/feeds/list/1DKTFmVjyRZU8sNPrGD1kRB2uSjfJNqv9YHw2COmQJys/1/public/values/d5fpr' ],
    codigo: '21',
    sigla: 'PSDC',
    nome: 'PARTIDO SOCIAL DEMOCRATA CRISTÃO',
    deferimento: '5.8.1997',
    presidente: 'JOSÉ MARIA EYMAEL',
    numero: '27',
    imagem: '/imag21',
    save: [Function],
    del: [Function] },
  { _xml: '<entry><id>https://spreadsheets.google.com/feeds/list/1DKTFmVjyRZU8sNPrGD1kRB2uSjfJNqv9YHw2COmQJys/1/public/values/d6ua4</id><updated>2014-07-03T21:23:15.982Z</updated><category scheme=\'http://schemas.google.com/spreadsheets/2006\' term=\'http://schemas.google.com/spreadsheets/2006#list\'/><title type=\'text\'>22</title><content type=\'text\'>sigla: PCO, nome: PARTIDO DA CAUSA OPERÁRIA, deferimento: 30.9.1997, presidente: RUI COSTA PIMENTA, numero: 29, imagem: /imag22</content><link rel=\'self\' type=\'application/atom+xml\' href=\'https://spreadsheets.google.com/feeds/list/1DKTFmVjyRZU8sNPrGD1kRB2uSjfJNqv9YHw2COmQJys/1/public/values/d6ua4\'/><gsx:codigo>22</gsx:codigo><gsx:sigla>PCO</gsx:sigla><gsx:nome>PARTIDO DA CAUSA OPERÁRIA</gsx:nome><gsx:deferimento>30.9.1997</gsx:deferimento><gsx:presidente>RUI COSTA PIMENTA</gsx:presidente><gsx:numero>29</gsx:numero><gsx:imagem>/imag22</gsx:imagem></entry>',
    id: 'https://spreadsheets.google.com/feeds/list/1DKTFmVjyRZU8sNPrGD1kRB2uSjfJNqv9YHw2COmQJys/1/public/values/d6ua4',
    title: '22',
    content: 'sigla: PCO, nome: PARTIDO DA CAUSA OPERÁRIA, deferimento: 30.9.1997, presidente: RUI COSTA PIMENTA, numero: 29, imagem: /imag22',
    _links: [ self: 'https://spreadsheets.google.com/feeds/list/1DKTFmVjyRZU8sNPrGD1kRB2uSjfJNqv9YHw2COmQJys/1/public/values/d6ua4' ],
    codigo: '22',
    sigla: 'PCO',
    nome: 'PARTIDO DA CAUSA OPERÁRIA',
    deferimento: '30.9.1997',
    presidente: 'RUI COSTA PIMENTA',
    numero: '29',
    imagem: '/imag22',
    save: [Function],
    del: [Function] },
  { _xml: '<entry><id>https://spreadsheets.google.com/feeds/list/1DKTFmVjyRZU8sNPrGD1kRB2uSjfJNqv9YHw2COmQJys/1/public/values/d88ul</id><updated>2014-07-03T21:23:15.982Z</updated><category scheme=\'http://schemas.google.com/spreadsheets/2006\' term=\'http://schemas.google.com/spreadsheets/2006#list\'/><title type=\'text\'>23</title><content type=\'text\'>sigla: PTN, nome: PARTIDO TRABALHISTA NACIONAL, deferimento: 2.10.1997, presidente: JOSÉ MASCI DE ABREU, numero: 19, imagem: /imag23</content><link rel=\'self\' type=\'application/atom+xml\' href=\'https://spreadsheets.google.com/feeds/list/1DKTFmVjyRZU8sNPrGD1kRB2uSjfJNqv9YHw2COmQJys/1/public/values/d88ul\'/><gsx:codigo>23</gsx:codigo><gsx:sigla>PTN</gsx:sigla><gsx:nome>PARTIDO TRABALHISTA NACIONAL</gsx:nome><gsx:deferimento>2.10.1997</gsx:deferimento><gsx:presidente>JOSÉ MASCI DE ABREU</gsx:presidente><gsx:numero>19</gsx:numero><gsx:imagem>/imag23</gsx:imagem></entry>',
    id: 'https://spreadsheets.google.com/feeds/list/1DKTFmVjyRZU8sNPrGD1kRB2uSjfJNqv9YHw2COmQJys/1/public/values/d88ul',
    title: '23',
    content: 'sigla: PTN, nome: PARTIDO TRABALHISTA NACIONAL, deferimento: 2.10.1997, presidente: JOSÉ MASCI DE ABREU, numero: 19, imagem: /imag23',
    _links: [ self: 'https://spreadsheets.google.com/feeds/list/1DKTFmVjyRZU8sNPrGD1kRB2uSjfJNqv9YHw2COmQJys/1/public/values/d88ul' ],
    codigo: '23',
    sigla: 'PTN',
    nome: 'PARTIDO TRABALHISTA NACIONAL',
    deferimento: '2.10.1997',
    presidente: 'JOSÉ MASCI DE ABREU',
    numero: '19',
    imagem: '/imag23',
    save: [Function],
    del: [Function] },
  { _xml: '<entry><id>https://spreadsheets.google.com/feeds/list/1DKTFmVjyRZU8sNPrGD1kRB2uSjfJNqv9YHw2COmQJys/1/public/values/dkvya</id><updated>2014-07-03T21:23:15.982Z</updated><category scheme=\'http://schemas.google.com/spreadsheets/2006\' term=\'http://schemas.google.com/spreadsheets/2006#list\'/><title type=\'text\'>24</title><content type=\'text\'>sigla: PSL, nome: PARTIDO SOCIAL LIBERAL, deferimento: 2.6.1998, presidente: LUCIANO CALDAS BIVAR, numero: 17, imagem: /imag24</content><link rel=\'self\' type=\'application/atom+xml\' href=\'https://spreadsheets.google.com/feeds/list/1DKTFmVjyRZU8sNPrGD1kRB2uSjfJNqv9YHw2COmQJys/1/public/values/dkvya\'/><gsx:codigo>24</gsx:codigo><gsx:sigla>PSL</gsx:sigla><gsx:nome>PARTIDO SOCIAL LIBERAL</gsx:nome><gsx:deferimento>2.6.1998</gsx:deferimento><gsx:presidente>LUCIANO CALDAS BIVAR</gsx:presidente><gsx:numero>17</gsx:numero><gsx:imagem>/imag24</gsx:imagem></entry>',
    id: 'https://spreadsheets.google.com/feeds/list/1DKTFmVjyRZU8sNPrGD1kRB2uSjfJNqv9YHw2COmQJys/1/public/values/dkvya',
    title: '24',
    content: 'sigla: PSL, nome: PARTIDO SOCIAL LIBERAL, deferimento: 2.6.1998, presidente: LUCIANO CALDAS BIVAR, numero: 17, imagem: /imag24',
    _links: [ self: 'https://spreadsheets.google.com/feeds/list/1DKTFmVjyRZU8sNPrGD1kRB2uSjfJNqv9YHw2COmQJys/1/public/values/dkvya' ],
    codigo: '24',
    sigla: 'PSL',
    nome: 'PARTIDO SOCIAL LIBERAL',
    deferimento: '2.6.1998',
    presidente: 'LUCIANO CALDAS BIVAR',
    numero: '17',
    imagem: '/imag24',
    save: [Function],
    del: [Function] },
  { _xml: '<entry><id>https://spreadsheets.google.com/feeds/list/1DKTFmVjyRZU8sNPrGD1kRB2uSjfJNqv9YHw2COmQJys/1/public/values/dmair</id><updated>2014-07-03T21:23:15.982Z</updated><category scheme=\'http://schemas.google.com/spreadsheets/2006\' term=\'http://schemas.google.com/spreadsheets/2006#list\'/><title type=\'text\'>25</title><content type=\'text\'>sigla: PRB, nome: PARTIDO REPUBLICANO BRASILEIRO, deferimento: 25.8.2005, presidente: MARCOS ANTONIO PEREIRA, numero: 10, imagem: /imag25</content><link rel=\'self\' type=\'application/atom+xml\' href=\'https://spreadsheets.google.com/feeds/list/1DKTFmVjyRZU8sNPrGD1kRB2uSjfJNqv9YHw2COmQJys/1/public/values/dmair\'/><gsx:codigo>25</gsx:codigo><gsx:sigla>PRB</gsx:sigla><gsx:nome>PARTIDO REPUBLICANO BRASILEIRO</gsx:nome><gsx:deferimento>25.8.2005</gsx:deferimento><gsx:presidente>MARCOS ANTONIO PEREIRA</gsx:presidente><gsx:numero>10</gsx:numero><gsx:imagem>/imag25</gsx:imagem></entry>',
    id: 'https://spreadsheets.google.com/feeds/list/1DKTFmVjyRZU8sNPrGD1kRB2uSjfJNqv9YHw2COmQJys/1/public/values/dmair',
    title: '25',
    content: 'sigla: PRB, nome: PARTIDO REPUBLICANO BRASILEIRO, deferimento: 25.8.2005, presidente: MARCOS ANTONIO PEREIRA, numero: 10, imagem: /imag25',
    _links: [ self: 'https://spreadsheets.google.com/feeds/list/1DKTFmVjyRZU8sNPrGD1kRB2uSjfJNqv9YHw2COmQJys/1/public/values/dmair' ],
    codigo: '25',
    sigla: 'PRB',
    nome: 'PARTIDO REPUBLICANO BRASILEIRO',
    deferimento: '25.8.2005',
    presidente: 'MARCOS ANTONIO PEREIRA',
    numero: '10',
    imagem: '/imag25',
    save: [Function],
    del: [Function] },
  { _xml: '<entry><id>https://spreadsheets.google.com/feeds/list/1DKTFmVjyRZU8sNPrGD1kRB2uSjfJNqv9YHw2COmQJys/1/public/values/dnp34</id><updated>2014-07-03T21:23:15.982Z</updated><category scheme=\'http://schemas.google.com/spreadsheets/2006\' term=\'http://schemas.google.com/spreadsheets/2006#list\'/><title type=\'text\'>26</title><content type=\'text\'>sigla: PSOL, nome: PARTIDO SOCIALISMO E LIBERDADE, deferimento: 15.9.2005, presidente: RAIMUNDO LUIZ SILVA ARAÚJO, numero: 50, imagem: /imag26</content><link rel=\'self\' type=\'application/atom+xml\' href=\'https://spreadsheets.google.com/feeds/list/1DKTFmVjyRZU8sNPrGD1kRB2uSjfJNqv9YHw2COmQJys/1/public/values/dnp34\'/><gsx:codigo>26</gsx:codigo><gsx:sigla>PSOL</gsx:sigla><gsx:nome>PARTIDO SOCIALISMO E LIBERDADE</gsx:nome><gsx:deferimento>15.9.2005</gsx:deferimento><gsx:presidente>RAIMUNDO LUIZ SILVA ARAÚJO</gsx:presidente><gsx:numero>50</gsx:numero><gsx:imagem>/imag26</gsx:imagem></entry>',
    id: 'https://spreadsheets.google.com/feeds/list/1DKTFmVjyRZU8sNPrGD1kRB2uSjfJNqv9YHw2COmQJys/1/public/values/dnp34',
    title: '26',
    content: 'sigla: PSOL, nome: PARTIDO SOCIALISMO E LIBERDADE, deferimento: 15.9.2005, presidente: RAIMUNDO LUIZ SILVA ARAÚJO, numero: 50, imagem: /imag26',
    _links: [ self: 'https://spreadsheets.google.com/feeds/list/1DKTFmVjyRZU8sNPrGD1kRB2uSjfJNqv9YHw2COmQJys/1/public/values/dnp34' ],
    codigo: '26',
    sigla: 'PSOL',
    nome: 'PARTIDO SOCIALISMO E LIBERDADE',
    deferimento: '15.9.2005',
    presidente: 'RAIMUNDO LUIZ SILVA ARAÚJO',
    numero: '50',
    imagem: '/imag26',
    save: [Function],
    del: [Function] },
  { _xml: '<entry><id>https://spreadsheets.google.com/feeds/list/1DKTFmVjyRZU8sNPrGD1kRB2uSjfJNqv9YHw2COmQJys/1/public/values/dp3nl</id><updated>2014-07-03T21:23:15.982Z</updated><category scheme=\'http://schemas.google.com/spreadsheets/2006\' term=\'http://schemas.google.com/spreadsheets/2006#list\'/><title type=\'text\'>27</title><content type=\'text\'>sigla: PR, nome: PARTIDO DA REPÚBLICA, deferimento: 19.12.2006, presidente: ALFREDO NASCIMENTO, numero: 22, imagem: /imag27</content><link rel=\'self\' type=\'application/atom+xml\' href=\'https://spreadsheets.google.com/feeds/list/1DKTFmVjyRZU8sNPrGD1kRB2uSjfJNqv9YHw2COmQJys/1/public/values/dp3nl\'/><gsx:codigo>27</gsx:codigo><gsx:sigla>PR</gsx:sigla><gsx:nome>PARTIDO DA REPÚBLICA</gsx:nome><gsx:deferimento>19.12.2006</gsx:deferimento><gsx:presidente>ALFREDO NASCIMENTO</gsx:presidente><gsx:numero>22</gsx:numero><gsx:imagem>/imag27</gsx:imagem></entry>',
    id: 'https://spreadsheets.google.com/feeds/list/1DKTFmVjyRZU8sNPrGD1kRB2uSjfJNqv9YHw2COmQJys/1/public/values/dp3nl',
    title: '27',
    content: 'sigla: PR, nome: PARTIDO DA REPÚBLICA, deferimento: 19.12.2006, presidente: ALFREDO NASCIMENTO, numero: 22, imagem: /imag27',
    _links: [ self: 'https://spreadsheets.google.com/feeds/list/1DKTFmVjyRZU8sNPrGD1kRB2uSjfJNqv9YHw2COmQJys/1/public/values/dp3nl' ],
    codigo: '27',
    sigla: 'PR',
    nome: 'PARTIDO DA REPÚBLICA',
    deferimento: '19.12.2006',
    presidente: 'ALFREDO NASCIMENTO',
    numero: '22',
    imagem: '/imag27',
    save: [Function],
    del: [Function] },
  { _xml: '<entry><id>https://spreadsheets.google.com/feeds/list/1DKTFmVjyRZU8sNPrGD1kRB2uSjfJNqv9YHw2COmQJys/1/public/values/df9om</id><updated>2014-07-03T21:23:15.982Z</updated><category scheme=\'http://schemas.google.com/spreadsheets/2006\' term=\'http://schemas.google.com/spreadsheets/2006#list\'/><title type=\'text\'>28</title><content type=\'text\'>sigla: PSD, nome: PARTIDO SOCIAL DEMOCRÁTICO, deferimento: 27.9.2011, presidente: GILBERTO KASSAB, numero: 55, imagem: /imag28</content><link rel=\'self\' type=\'application/atom+xml\' href=\'https://spreadsheets.google.com/feeds/list/1DKTFmVjyRZU8sNPrGD1kRB2uSjfJNqv9YHw2COmQJys/1/public/values/df9om\'/><gsx:codigo>28</gsx:codigo><gsx:sigla>PSD</gsx:sigla><gsx:nome>PARTIDO SOCIAL DEMOCRÁTICO</gsx:nome><gsx:deferimento>27.9.2011</gsx:deferimento><gsx:presidente>GILBERTO KASSAB</gsx:presidente><gsx:numero>55</gsx:numero><gsx:imagem>/imag28</gsx:imagem></entry>',
    id: 'https://spreadsheets.google.com/feeds/list/1DKTFmVjyRZU8sNPrGD1kRB2uSjfJNqv9YHw2COmQJys/1/public/values/df9om',
    title: '28',
    content: 'sigla: PSD, nome: PARTIDO SOCIAL DEMOCRÁTICO, deferimento: 27.9.2011, presidente: GILBERTO KASSAB, numero: 55, imagem: /imag28',
    _links: [ self: 'https://spreadsheets.google.com/feeds/list/1DKTFmVjyRZU8sNPrGD1kRB2uSjfJNqv9YHw2COmQJys/1/public/values/df9om' ],
    codigo: '28',
    sigla: 'PSD',
    nome: 'PARTIDO SOCIAL DEMOCRÁTICO',
    deferimento: '27.9.2011',
    presidente: 'GILBERTO KASSAB',
    numero: '55',
    imagem: '/imag28',
    save: [Function],
    del: [Function] },
  { _xml: '<entry><id>https://spreadsheets.google.com/feeds/list/1DKTFmVjyRZU8sNPrGD1kRB2uSjfJNqv9YHw2COmQJys/1/public/values/dgo93</id><updated>2014-07-03T21:23:15.982Z</updated><category scheme=\'http://schemas.google.com/spreadsheets/2006\' term=\'http://schemas.google.com/spreadsheets/2006#list\'/><title type=\'text\'>29</title><content type=\'text\'>sigla: PPL, nome: PARTIDO PÁTRIA LIVRE, deferimento: 4.10.2011, presidente: SÉRGIO RUBENS DE ARAÚJO TORRES, numero: 54, imagem: /imag29</content><link rel=\'self\' type=\'application/atom+xml\' href=\'https://spreadsheets.google.com/feeds/list/1DKTFmVjyRZU8sNPrGD1kRB2uSjfJNqv9YHw2COmQJys/1/public/values/dgo93\'/><gsx:codigo>29</gsx:codigo><gsx:sigla>PPL</gsx:sigla><gsx:nome>PARTIDO PÁTRIA LIVRE</gsx:nome><gsx:deferimento>4.10.2011</gsx:deferimento><gsx:presidente>SÉRGIO RUBENS DE ARAÚJO TORRES</gsx:presidente><gsx:numero>54</gsx:numero><gsx:imagem>/imag29</gsx:imagem></entry>',
    id: 'https://spreadsheets.google.com/feeds/list/1DKTFmVjyRZU8sNPrGD1kRB2uSjfJNqv9YHw2COmQJys/1/public/values/dgo93',
    title: '29',
    content: 'sigla: PPL, nome: PARTIDO PÁTRIA LIVRE, deferimento: 4.10.2011, presidente: SÉRGIO RUBENS DE ARAÚJO TORRES, numero: 54, imagem: /imag29',
    _links: [ self: 'https://spreadsheets.google.com/feeds/list/1DKTFmVjyRZU8sNPrGD1kRB2uSjfJNqv9YHw2COmQJys/1/public/values/dgo93' ],
    codigo: '29',
    sigla: 'PPL',
    nome: 'PARTIDO PÁTRIA LIVRE',
    deferimento: '4.10.2011',
    presidente: 'SÉRGIO RUBENS DE ARAÚJO TORRES',
    numero: '54',
    imagem: '/imag29',
    save: [Function],
    del: [Function] },
  { _xml: '<entry><id>https://spreadsheets.google.com/feeds/list/1DKTFmVjyRZU8sNPrGD1kRB2uSjfJNqv9YHw2COmQJys/1/public/values/di2tg</id><updated>2014-07-03T21:23:15.982Z</updated><category scheme=\'http://schemas.google.com/spreadsheets/2006\' term=\'http://schemas.google.com/spreadsheets/2006#list\'/><title type=\'text\'>30</title><content type=\'text\'>sigla: PEN, nome: PARTIDO ECOLÓGICO NACIONAL, deferimento: 19.6.2012, presidente: ADILSON BARROSO OLIVEIRA, numero: 51, imagem: /imag30</content><link rel=\'self\' type=\'application/atom+xml\' href=\'https://spreadsheets.google.com/feeds/list/1DKTFmVjyRZU8sNPrGD1kRB2uSjfJNqv9YHw2COmQJys/1/public/values/di2tg\'/><gsx:codigo>30</gsx:codigo><gsx:sigla>PEN</gsx:sigla><gsx:nome>PARTIDO ECOLÓGICO NACIONAL</gsx:nome><gsx:deferimento>19.6.2012</gsx:deferimento><gsx:presidente>ADILSON BARROSO OLIVEIRA</gsx:presidente><gsx:numero>51</gsx:numero><gsx:imagem>/imag30</gsx:imagem></entry>',
    id: 'https://spreadsheets.google.com/feeds/list/1DKTFmVjyRZU8sNPrGD1kRB2uSjfJNqv9YHw2COmQJys/1/public/values/di2tg',
    title: '30',
    content: 'sigla: PEN, nome: PARTIDO ECOLÓGICO NACIONAL, deferimento: 19.6.2012, presidente: ADILSON BARROSO OLIVEIRA, numero: 51, imagem: /imag30',
    _links: [ self: 'https://spreadsheets.google.com/feeds/list/1DKTFmVjyRZU8sNPrGD1kRB2uSjfJNqv9YHw2COmQJys/1/public/values/di2tg' ],
    codigo: '30',
    sigla: 'PEN',
    nome: 'PARTIDO ECOLÓGICO NACIONAL',
    deferimento: '19.6.2012',
    presidente: 'ADILSON BARROSO OLIVEIRA',
    numero: '51',
    imagem: '/imag30',
    save: [Function],
    del: [Function] },
  { _xml: '<entry><id>https://spreadsheets.google.com/feeds/list/1DKTFmVjyRZU8sNPrGD1kRB2uSjfJNqv9YHw2COmQJys/1/public/values/djhdx</id><updated>2014-07-03T21:23:15.982Z</updated><category scheme=\'http://schemas.google.com/spreadsheets/2006\' term=\'http://schemas.google.com/spreadsheets/2006#list\'/><title type=\'text\'>31</title><content type=\'text\'>sigla: PROS, nome: PARTIDO REPUBLICANO DA ORDEM SOCIAL, deferimento: 24.9.2013, presidente: EURÍPEDES G.DE MACEDO JÚNIOR, numero: 90, imagem: /imag31</content><link rel=\'self\' type=\'application/atom+xml\' href=\'https://spreadsheets.google.com/feeds/list/1DKTFmVjyRZU8sNPrGD1kRB2uSjfJNqv9YHw2COmQJys/1/public/values/djhdx\'/><gsx:codigo>31</gsx:codigo><gsx:sigla>PROS</gsx:sigla><gsx:nome>PARTIDO REPUBLICANO DA ORDEM SOCIAL</gsx:nome><gsx:deferimento>24.9.2013</gsx:deferimento><gsx:presidente>EURÍPEDES G.DE MACEDO JÚNIOR</gsx:presidente><gsx:numero>90</gsx:numero><gsx:imagem>/imag31</gsx:imagem></entry>',
    id: 'https://spreadsheets.google.com/feeds/list/1DKTFmVjyRZU8sNPrGD1kRB2uSjfJNqv9YHw2COmQJys/1/public/values/djhdx',
    title: '31',
    content: 'sigla: PROS, nome: PARTIDO REPUBLICANO DA ORDEM SOCIAL, deferimento: 24.9.2013, presidente: EURÍPEDES G.DE MACEDO JÚNIOR, numero: 90, imagem: /imag31',
    _links: [ self: 'https://spreadsheets.google.com/feeds/list/1DKTFmVjyRZU8sNPrGD1kRB2uSjfJNqv9YHw2COmQJys/1/public/values/djhdx' ],
    codigo: '31',
    sigla: 'PROS',
    nome: 'PARTIDO REPUBLICANO DA ORDEM SOCIAL',
    deferimento: '24.9.2013',
    presidente: 'EURÍPEDES G.DE MACEDO JÚNIOR',
    numero: '90',
    imagem: '/imag31',
    save: [Function],
    del: [Function] },
  { _xml: '<entry><id>https://spreadsheets.google.com/feeds/list/1DKTFmVjyRZU8sNPrGD1kRB2uSjfJNqv9YHw2COmQJys/1/public/values/dw4je</id><updated>2014-07-03T21:23:15.982Z</updated><category scheme=\'http://schemas.google.com/spreadsheets/2006\' term=\'http://schemas.google.com/spreadsheets/2006#list\'/><title type=\'text\'>32</title><content type=\'text\'>sigla: SD, nome: SOLIDARIEDADE, deferimento: 24.9.2013, presidente: PAULO PEREIRA DA SILVA, numero: 77, imagem: /imag32</content><link rel=\'self\' type=\'application/atom+xml\' href=\'https://spreadsheets.google.com/feeds/list/1DKTFmVjyRZU8sNPrGD1kRB2uSjfJNqv9YHw2COmQJys/1/public/values/dw4je\'/><gsx:codigo>32</gsx:codigo><gsx:sigla>SD</gsx:sigla><gsx:nome>SOLIDARIEDADE</gsx:nome><gsx:deferimento>24.9.2013</gsx:deferimento><gsx:presidente>PAULO PEREIRA DA SILVA</gsx:presidente><gsx:numero>77</gsx:numero><gsx:imagem>/imag32</gsx:imagem></entry>',
    id: 'https://spreadsheets.google.com/feeds/list/1DKTFmVjyRZU8sNPrGD1kRB2uSjfJNqv9YHw2COmQJys/1/public/values/dw4je',
    title: '32',
    content: 'sigla: SD, nome: SOLIDARIEDADE, deferimento: 24.9.2013, presidente: PAULO PEREIRA DA SILVA, numero: 77, imagem: /imag32',
    _links: [ self: 'https://spreadsheets.google.com/feeds/list/1DKTFmVjyRZU8sNPrGD1kRB2uSjfJNqv9YHw2COmQJys/1/public/values/dw4je' ],
    codigo: '32',
    sigla: 'SD',
    nome: 'SOLIDARIEDADE',
    deferimento: '24.9.2013',
    presidente: 'PAULO PEREIRA DA SILVA',
    numero: '77',
    imagem: '/imag32',
    save: [Function],
    del: [Function] } ]
